I (743) wifi_init: WiFi RX IRAM OP enabled
I (743) wifi_mgr: Found credentials in NVS, starting Wi-Fi
I (753) wifi_mgr: Setting Wi-Fi config SSID='R&D 3_5G' (len=8)
W (753) wifi:Password length matches WPA2 standards, authmode threshold changes from OPEN to WPA2
I (813) wifi:mode : sta (48:e7:29:b6:e8:08)
I (813) wifi:enable tsf
I (813) wifi_mgr: Wi-Fi connection initiated
I (813) wifi_mgr: Wi-Fi start requested
I (1063) wifi:new:<6,0>, old:<1,0>, ap:<255,255>, sta:<6,0>, prof:1, snd_ch_cfg:0x0
I (1063) wifi:state: init -> auth (0xb0)
I (1083) wifi_prph_coex: BLE Host Task Started
I (1093) mqtt5: [APP] Startup..
I (1093) mqtt5: [APP] Free memory: 136020 bytes
I (1093) mqtt5: [APP] IDF version: v5.5-dirty
I (1093) main_task: Returned from app_main()
I (1113) wifi_prph_coex: Device Address:48:e7:29:b6:e8:0a
I (1123) NimBLE: GAP procedure initiated: advertise;
I (1123) NimBLE: disc_mode=2
I (1123) NimBLE:  adv_channel_map=0 own_addr_type=0 adv_filter_policy=0 adv_itvl_min=0 adv_itvl_max=0
I (1133) NimBLE:

I (2073) wifi:state: auth -> init (0x200)
I (2083) wifi:Coexist: Wi-Fi connect fail, apply reconnect coex policy

I (2083) wifi:new:<6,0>, old:<6,0>, ap:<255,255>, sta:<6,0>, prof:1, snd_ch_cfg:0x0
I (2083) wifi_mgr: WIFI_EVENT_STA_DISCONNECTED






/-------------------------------------------/
/////////////// BOOT LOGS ///////////////////
/-------------------------------------------/



load:0x40078000,len:15916
load:0x40080400,len:3860
--- 0x40080400: _invalid_pc_placeholder at D:/Espressif/frameworks/esp-idf-v5.5/components/xtensa/xtensa_vectors.S:2235
entry 0x40080638
I (29) boot: ESP-IDF v5.5-dirty 2nd stage bootloader
I (29) boot: compile time Oct 27 2025 15:02:49
I (29) boot: Multicore bootloader
I (31) boot: chip revision: v3.1
I (34) boot.esp32: SPI Speed      : 40MHz
I (37) boot.esp32: SPI Mode       : DIO
I (41) boot.esp32: SPI Flash Size : 2MB
I (45) boot: Enabling RNG early entropy source...
I (49) boot: Partition Table:
I (52) boot: ## Label            Usage          Type ST Offset   Length
I (58) boot:  0 nvs              WiFi data        01 02 00009000 00006000
I (65) boot:  1 phy_init         RF data          01 01 0000f000 00001000
I (71) boot:  2 factory          factory app      00 00 00010000 00177000
I (78) boot: End of partition table
I (81) esp_image: segment 0: paddr=00010020 vaddr=3f400020 size=26668h (157288) map
I (142) esp_image: segment 1: paddr=00036690 vaddr=3ff80000 size=00020h (    32) load
I (142) esp_image: segment 2: paddr=000366b8 vaddr=3ffbdb60 size=05a18h ( 23064) load
I (155) esp_image: segment 3: paddr=0003c0d8 vaddr=40080000 size=03f40h ( 16192) load
I (161) esp_image: segment 4: paddr=00040020 vaddr=400d0020 size=cd088h (839816) map
I (448) esp_image: segment 5: paddr=0010d0b0 vaddr=40083f40 size=15e84h ( 89732) load
I (496) boot: Loaded app from partition at offset 0x10000
I (496) boot: Disabling RNG early entropy source...
I (507) cpu_start: Multicore app
I (515) cpu_start: Pro cpu start user code
I (515) cpu_start: cpu freq: 160000000 Hz
I (516) app_init: Application information:
I (516) app_init: Project name:     WifiBLE_v0.1
I (520) app_init: App version:      73f7aa9-dirty
I (524) app_init: Compile time:     Nov  7 2025 12:39:14
I (529) app_init: ELF file SHA256:  300c7acfc...
I (534) app_init: ESP-IDF:          v5.5-dirty
I (538) efuse_init: Min chip rev:     v0.0
I (542) efuse_init: Max chip rev:     v3.99 
I (546) efuse_init: Chip rev:         v3.1
I (550) heap_init: Initializing. RAM available for dynamic allocation:
I (556) heap_init: At 3FFAFF10 len 000000F0 (0 KiB): DRAM
I (561) heap_init: At 3FFB6388 len 00001C78 (7 KiB): DRAM
I (566) heap_init: At 3FFB9A20 len 00004108 (16 KiB): DRAM
I (571) heap_init: At 3FFCA4F0 len 00015B10 (86 KiB): DRAM
I (576) heap_init: At 3FFE0440 len 00003AE0 (14 KiB): D/IRAM
I (582) heap_init: At 3FFE4350 len 0001BCB0 (111 KiB): D/IRAM
I (587) heap_init: At 40099DC4 len 0000623C (24 KiB): IRAM
I (594) spi_flash: detected chip: generic
I (596) spi_flash: flash io: dio
W (599) spi_flash: Detected size(4096k) larger than the size in the binary image header(2048k). Using the size in the binary image header.
I (612) coexist: coex firmware version: 831ec70
I (617) main_task: Started on CPU0
I (627) main_task: Calling app_main()
I (657) BTDM_INIT: BT controller compile version [b992c7d]
I (667) wifi:wifi driver task: 3ffcf6dc, prio:23, stack:6656, core=0
I (677) wifi:wifi firmware version: f3dbad7
I (677) wifi:wifi certification version: v7.0
I (677) wifi:config NVS flash: enabled
I (677) wifi:config nano formatting: disabled
I (687) wifi:Init data frame dynamic rx buffer num: 32
I (687) wifi:Init static rx mgmt buffer num: 5
I (697) wifi:Init management short buffer num: 32
I (697) wifi:Init dynamic tx buffer num: 32
I (697) wifi:Init static rx buffer size: 1600
I (707) wifi:Init static rx buffer num: 10
I (707) wifi:Init dynamic rx buffer num: 32
I (717) wifi_init: rx ba win: 6
I (717) wifi_init: accept mbox: 6
I (717) BTDM_INIT: Bluetooth MAC: 48:e7:29:b6:e8:0a
I (717) wifi_init: tcpip mbox: 32
I (727) phy_init: phy_version 4860,6b7a6e5,Feb  6 2025,14:47:07
I (727) wifi_init: udp mbox: 6
I (737) wifi_init: tcp mbox: 6
I (737) wifi_init: tcp tx win: 5760
I (737) wifi_init: tcp rx win: 5760
I (747) wifi_init: tcp mss: 1440
I (747) wifi_init: WiFi RX IRAM OP enabled
I (757) wifi_mgr: Found credentials in NVS, starting Wi-Fi
I (757) wifi_mgr: Setting Wi-Fi config SSID='R&D 3_5G' (len=8)
W (767) wifi:Password length matches WPA2 standards, authmode threshold changes from OPEN to WPA2
I (837) wifi:mode : sta (48:e7:29:b6:e8:08)
I (837) wifi:enable tsf
I (837) wifi_mgr: Wi-Fi connection initiated
I (837) wifi_mgr: Wi-Fi start requested
I (1087) wifi:new:<6,0>, old:<1,0>, ap:<255,255>, sta:<6,0>, prof:1, snd_ch_cfg:0x0
I (1087) wifi:state: init -> auth (0xb0)
I (1097) security: sec_init done (nonce_len=16)
I (1117) wifi_prph_coex: BLE Host Task Started
I (1117) mqtt5: [APP] Startup..
I (1117) mqtt5: [APP] Free memory: 134436 bytes
I (1117) mqtt5: [APP] IDF version: v5.5-dirty
I (1117) main_task: Returned from app_main()
I (1157) wifi_prph_coex: Device Address:48:e7:29:b6:e8:0a
I (1157) wifi:state: auth -> assoc (0x0)
I (1167) NimBLE: GAP procedure initiated: advertise;
I (1167) NimBLE: disc_mode=2
I (1167) NimBLE:  adv_channel_map=0 own_addr_type=0 adv_filter_policy=0 adv_itvl_min=0 adv_itvl_max=0
I (1167) NimBLE:

I (1177) wifi_prph_coex: Advertising started (multiple connections supported)
I (1287) wifi:state: assoc -> run (0x10)
I (11287) wifi:state: run -> init (0xcc00)
I (11297) wifi:Coexist: Wi-Fi connect fail, apply reconnect coex policy

I (11297) wifi:new:<6,0>, old:<6,0>, ap:<255,255>, sta:<6,0>, prof:1, snd_ch_cfg:0x0
I (11297) wifi_mgr: WIFI_EVENT_STA_DISCONNECTED
I (11297) wifi_mgr: Retrying to connect to AP (attempt 1 of 4)
I (16137) wifi:Coexist: Wi-Fi connect fail, apply reconnect coex policy







/----------------------------------------------------------/
/////////////// RANDOM MQTT ERR LOGS ///////////////////////
/----------------------------------------------------------/


E (2615747) esp-tls-mbedtls: mbedtls_x509_crt_parse of CA cert returned -0x2180
E (2615747) esp-tls-mbedtls: Failed to set client configurations, returned [0x8015] (ESP_ERR_MBEDTLS_X509_CRT_PARSE_FAILED)
E (2615747) esp-tls: create_ssl_handle failed
E (2615757) esp-tls: Failed to open new connection
E (2615757) transport_base: Failed to open a new connection
E (2615767) mqtt_client: Error transport connect
I (2615767) mqtt5_example: MQTT_EVENT_ERROR
I (2615777) mqtt5_example: MQTT5 return code is 0
E (2615777) mqtt5_example: Last error reported from esp-tls: 0x8015
E (2615787) mqtt5_example: Last error reported from tls stack: 0x2180
I (2615787) mqtt5_example: Last errno string (Success)
I (2615797) mqtt5_example: MQTT_EVENT_DISCONNECTED
I (2630797) mqtt5_example: Other event id:7
E (2640807) esp-tls: [sock=54] select() timeout
E (2640807) esp-tls: Failed to open new connection
E (2640807) transport_base: Failed to open a new connection
E (2640807) mqtt_client: Error transport connect
I (2640807) mqtt5_example: MQTT_EVENT_ERROR
I (2640817) mqtt5_example: MQTT5 return code is 0
E (2640817) mqtt5_example: Last error reported from esp-tls: 0x8006
I (2640827) mqtt5_example: Last errno string (Success)
I (2640827) mqtt5_example: MQTT_EVENT_DISCONNECTED
I (2650837) mqtt5_example: Other event id:7
E (2657837) esp-tls: couldn't get hostname for :53b5ecc0115c40cdbac2cd5b27e309a2.s1.eu.hivemq.cloud: getaddrinfo() returns 202, addrinfo=0x0
E (2657837) esp-tls: Failed to open new connection
E (2657837) transport_base: Failed to open a new connection
E (2657847) mqtt_client: Error transport connect
I (2657847) mqtt5_example: MQTT_EVENT_ERROR
I (2657847) mqtt5_example: MQTT5 return code is 0
E (2657857) mqtt5_example: Last error reported from esp-tls: 0x8001
E (2657867) mqtt5_example: Last error captured as transport's socket errno: 0x77
I (2657867) mqtt5_example: Last errno string (Connection already in progress)
I (2657877) mqtt5_example: MQTT_EVENT_DISCONNECTED
I (2672877) mqtt5_example: Other event id:7